<!-- Generated by ixlib XML -->
<animation >
  <font baseline="16" bottomline="16" name="New Font" topline="0" >
    <glyph base_x="0" base_y="16" bound_h="1" bound_w="1" bound_x="0" bound_y="0" code="32" width="16" />
    <glyph base_x="-7" base_y="16" bound_h="16" bound_w="4" bound_x="1" bound_y="0" code="33" width="16" />
    <glyph base_x="-4" base_y="16" bound_h="4" bound_w="10" bound_x="5" bound_y="0" code="34" width="16" />
    <glyph base_x="0" base_y="16" bound_h="6" bound_w="6" bound_x="15" bound_y="0" code="39" width="16" />
    <glyph base_x="-3" base_y="16" bound_h="16" bound_w="10" bound_x="21" bound_y="0" code="40" width="16" />
    <glyph base_x="-4" base_y="16" bound_h="16" bound_w="11" bound_x="31" bound_y="0" code="41" width="16" />
    <glyph base_x="-5" base_y="12" bound_h="8" bound_w="8" bound_x="42" bound_y="0" code="43" width="16" />
    <glyph base_x="0" base_y="6" bound_h="6" bound_w="6" bound_x="50" bound_y="0" code="44" width="16" />
    <glyph base_x="-4" base_y="10" bound_h="4" bound_w="9" bound_x="56" bound_y="0" code="45" width="16" />
    <glyph base_x="-7" base_y="5" bound_h="4" bound_w="3" bound_x="65" bound_y="0" code="46" width="16" />
    <glyph base_x="-1" base_y="16" bound_h="16" bound_w="15" bound_x="68" bound_y="0" code="48" width="16" />
    <glyph base_x="-2" base_y="16" bound_h="16" bound_w="9" bound_x="83" bound_y="0" code="49" width="16" />
    <glyph base_x="0" base_y="16" bound_h="16" bound_w="15" bound_x="92" bound_y="0" code="50" width="16" />
    <glyph base_x="0" base_y="16" bound_h="16" bound_w="15" bound_x="107" bound_y="0" code="51" width="16" />
    <glyph base_x="0" base_y="16" bound_h="16" bound_w="15" bound_x="122" bound_y="0" code="52" width="16" />
    <glyph base_x="0" base_y="16" bound_h="16" bound_w="15" bound_x="137" bound_y="0" code="53" width="16" />
    <glyph base_x="0" base_y="16" bound_h="16" bound_w="15" bound_x="152" bound_y="0" code="54" width="16" />
    <glyph base_x="0" base_y="16" bound_h="16" bound_w="15" bound_x="167" bound_y="0" code="55" width="16" />
    <glyph base_x="0" base_y="16" bound_h="16" bound_w="15" bound_x="182" bound_y="0" code="56" width="16" />
    <glyph base_x="0" base_y="16" bound_h="16" bound_w="15" bound_x="197" bound_y="0" code="57" width="16" />
    <glyph base_x="-6" base_y="13" bound_h="10" bound_w="4" bound_x="212" bound_y="0" code="58" width="16" />
    <glyph base_x="-2" base_y="12" bound_h="12" bound_w="7" bound_x="216" bound_y="0" code="59" width="16" />
    <glyph base_x="-4" base_y="11" bound_h="9" bound_w="9" bound_x="223" bound_y="0" code="61" width="16" />
    <glyph base_x="0" base_y="16" bound_h="16" bound_w="14" bound_x="232" bound_y="0" code="63" width="16" />
    <glyph base_x="0" base_y="16" bound_h="16" bound_w="15" bound_x="246" bound_y="0" code="65" width="16" />
    <glyph base_x="0" base_y="16" bound_h="16" bound_w="15" bound_x="261" bound_y="0" code="66" width="16" />
    <glyph base_x="0" base_y="16" bound_h="16" bound_w="15" bound_x="276" bound_y="0" code="67" width="16" />
    <glyph base_x="0" base_y="16" bound_h="16" bound_w="15" bound_x="291" bound_y="0" code="68" width="16" />
    <glyph base_x="0" base_y="16" bound_h="16" bound_w="15" bound_x="306" bound_y="0" code="69" width="16" />
    <glyph base_x="0" base_y="16" bound_h="16" bound_w="15" bound_x="321" bound_y="0" code="70" width="16" />
    <glyph base_x="0" base_y="16" bound_h="16" bound_w="15" bound_x="336" bound_y="0" code="71" width="16" />
    <glyph base_x="0" base_y="16" bound_h="16" bound_w="15" bound_x="351" bound_y="0" code="72" width="16" />
    <glyph base_x="-5" base_y="16" bound_h="16" bound_w="7" bound_x="366" bound_y="0" code="73" width="16" />
    <glyph base_x="0" base_y="16" bound_h="16" bound_w="15" bound_x="373" bound_y="0" code="74" width="16" />
    <glyph base_x="0" base_y="16" bound_h="16" bound_w="15" bound_x="388" bound_y="0" code="75" width="16" />
    <glyph base_x="0" base_y="16" bound_h="16" bound_w="15" bound_x="403" bound_y="0" code="76" width="16" />
    <glyph base_x="0" base_y="16" bound_h="16" bound_w="15" bound_x="418" bound_y="0" code="77" width="16" />
    <glyph base_x="0" base_y="16" bound_h="16" bound_w="15" bound_x="433" bound_y="0" code="78" width="16" />
    <glyph base_x="0" base_y="16" bound_h="16" bound_w="15" bound_x="448" bound_y="0" code="79" width="16" />
    <glyph base_x="0" base_y="16" bound_h="16" bound_w="15" bound_x="463" bound_y="0" code="80" width="16" />
    <glyph base_x="0" base_y="16" bound_h="16" bound_w="15" bound_x="478" bound_y="0" code="81" width="16" />
    <glyph base_x="0" base_y="16" bound_h="16" bound_w="15" bound_x="493" bound_y="0" code="82" width="16" />
    <glyph base_x="0" base_y="16" bound_h="16" bound_w="15" bound_x="508" bound_y="0" code="83" width="16" />
    <glyph base_x="0" base_y="16" bound_h="16" bound_w="15" bound_x="523" bound_y="0" code="84" width="16" />
    <glyph base_x="0" base_y="16" bound_h="16" bound_w="15" bound_x="538" bound_y="0" code="85" width="16" />
    <glyph base_x="0" base_y="16" bound_h="16" bound_w="15" bound_x="553" bound_y="0" code="86" width="16" />
    <glyph base_x="0" base_y="16" bound_h="16" bound_w="15" bound_x="568" bound_y="0" code="87" width="16" />
    <glyph base_x="0" base_y="16" bound_h="16" bound_w="15" bound_x="583" bound_y="0" code="88" width="16" />
    <glyph base_x="0" base_y="16" bound_h="16" bound_w="15" bound_x="598" bound_y="0" code="89" width="16" />
    <glyph base_x="0" base_y="16" bound_h="16" bound_w="15" bound_x="613" bound_y="0" code="90" width="16" />
    <glyph base_x="0" base_y="16" bound_h="16" bound_w="15" bound_x="628" bound_y="0" code="97" width="16" />
    <glyph base_x="0" base_y="16" bound_h="16" bound_w="15" bound_x="643" bound_y="0" code="98" width="16" />
    <glyph base_x="0" base_y="16" bound_h="16" bound_w="15" bound_x="658" bound_y="0" code="99" width="16" />
    <glyph base_x="0" base_y="16" bound_h="16" bound_w="15" bound_x="673" bound_y="0" code="100" width="16" />
    <glyph base_x="0" base_y="16" bound_h="16" bound_w="15" bound_x="688" bound_y="0" code="101" width="16" />
    <glyph base_x="0" base_y="16" bound_h="16" bound_w="15" bound_x="703" bound_y="0" code="102" width="16" />
    <glyph base_x="0" base_y="16" bound_h="16" bound_w="15" bound_x="718" bound_y="0" code="103" width="16" />
    <glyph base_x="0" base_y="16" bound_h="16" bound_w="15" bound_x="733" bound_y="0" code="104" width="16" />
    <glyph base_x="-5" base_y="16" bound_h="16" bound_w="7" bound_x="748" bound_y="0" code="105" width="16" />
    <glyph base_x="0" base_y="16" bound_h="16" bound_w="15" bound_x="755" bound_y="0" code="106" width="16" />
    <glyph base_x="0" base_y="16" bound_h="16" bound_w="15" bound_x="770" bound_y="0" code="107" width="16" />
    <glyph base_x="0" base_y="16" bound_h="16" bound_w="15" bound_x="785" bound_y="0" code="108" width="16" />
    <glyph base_x="0" base_y="16" bound_h="16" bound_w="15" bound_x="800" bound_y="0" code="109" width="16" />
    <glyph base_x="0" base_y="16" bound_h="16" bound_w="15" bound_x="815" bound_y="0" code="110" width="16" />
    <glyph base_x="0" base_y="16" bound_h="16" bound_w="15" bound_x="830" bound_y="0" code="111" width="16" />
    <glyph base_x="0" base_y="16" bound_h="16" bound_w="15" bound_x="845" bound_y="0" code="112" width="16" />
    <glyph base_x="0" base_y="16" bound_h="16" bound_w="15" bound_x="860" bound_y="0" code="113" width="16" />
    <glyph base_x="0" base_y="16" bound_h="16" bound_w="15" bound_x="875" bound_y="0" code="114" width="16" />
    <glyph base_x="0" base_y="16" bound_h="16" bound_w="15" bound_x="890" bound_y="0" code="115" width="16" />
    <glyph base_x="0" base_y="16" bound_h="16" bound_w="15" bound_x="905" bound_y="0" code="116" width="16" />
    <glyph base_x="0" base_y="16" bound_h="16" bound_w="15" bound_x="920" bound_y="0" code="117" width="16" />
    <glyph base_x="0" base_y="16" bound_h="16" bound_w="15" bound_x="935" bound_y="0" code="118" width="16" />
    <glyph base_x="0" base_y="16" bound_h="16" bound_w="15" bound_x="950" bound_y="0" code="119" width="16" />
    <glyph base_x="0" base_y="16" bound_h="16" bound_w="15" bound_x="965" bound_y="0" code="120" width="16" />
    <glyph base_x="0" base_y="16" bound_h="16" bound_w="15" bound_x="980" bound_y="0" code="121" width="16" />
    <glyph base_x="0" base_y="16" bound_h="16" bound_w="15" bound_x="995" bound_y="0" code="122" width="16" />
  </font>
  <images >
    <image name="bazooka-d05" src="mole_bazooka_look_05.png" />
    <image name="bazooka-d03" src="mole_bazooka_look_03.png" />
    <image name="bazooka-d01" src="mole_bazooka_look_01.png" />
    <image name="bazooka-d15" scale_x="-1" src="mole_bazooka_look_05.png" />
    <image name="bazooka-d17" scale_x="-1" src="mole_bazooka_look_03.png" />
    <image name="bazooka-d19" scale_x="-1" src="mole_bazooka_look_01.png" />
    <image name="bazooka-d05-walk00" src="mole_bazooka_walk00_05.png" />
    <image name="bazooka-d15-walk00" scale_x="-1" src="mole_bazooka_walk00_05.png" />
    <image name="bazooka-d05-crouch-1" scale_y="0.9" src="mole_bazooka_look_05.png" />
    <image name="bazooka-d05-crouch-2" scale_y="0.85" src="mole_bazooka_look_05.png" />
    <image name="bazooka-d15-crouch-1" scale_x="-1" scale_y="0.9" src="mole_bazooka_look_05.png" />
    <image name="bazooka-d15-crouch-2" scale_x="-1" scale_y="0.85" src="mole_bazooka_look_05.png" />
  </images>
  <regexes >
    <regex original="d0[0-2]" replacement="d01" />
    <regex original="d0[3-4]" replacement="d03" />
    <regex original="d0[5-9]" replacement="d05" />
    <regex original="d1[1-5]" replacement="d15" />
    <regex original="d1[6-7]" replacement="d17" />
    <regex original="d1[7-9]" replacement="d19" />
    <regex original="d0.-prejump" replacement="d05-crouch" />
    <regex original="d1.-prejump" replacement="d15-crouch" />
    <regex original="d0.-jump" replacement="d01" />
    <regex original="d1.-jump" replacement="d19" />
    <regex original="d0.-land" replacement="d05-crouch" />
    <regex original="d1.-land" replacement="d15-crouch" />
    <regex original="d0.-walk" replacement="d05-walk" />
    <regex original="d1.-walk" replacement="d15-walk" />
  </regexes>
  <script >
    <on parameter="direction" will_return >
      <return kill_delay />
    </on>
    <on new="land" parameter="state" will_return >
      <priority push />
      <priority value="5" />
      <frame name="$(weapon)-d$(direction)-land-1" />
      <delay time="30" />
      <frame name="$(weapon)-d$(direction)-land-2" />
      <delay time="30" />
      <frame name="$(weapon)-d$(direction)-land-1" />
      <delay time="30" />
      <priority pop />
      <return kill_delay />
    </on>
    <on new="prejump" parameter="state" priority="10" will_return >
      <frame name="$(weapon)-d$(direction)-prejump-1" />
      <delay time="30" />
      <label name="prejump_loop" />
      <frame name="$(weapon)-d$(direction)-prejump-2" />
      <delay time="10000" />
      <goto target="prejump_loop" />
      <stop />
    </on>
    <on new="jump" parameter="state" priority="10" >
      <frame name="$(weapon)-d$(direction)-prejump-1" />
      <delay time="30" />
      <signal name="jump" />
      <priority push />
      <priority value="5" />
      <frame name="$(weapon)-d$(direction)-jump" />
      <delay time="400" />
      <priority pop />
      <return kill_delay />
    </on>
    <on new="walk" parameter="state" >
      <label name="walk_loop" />
      <frame name="$(weapon)-d$(direction)" />
      <delay time="150" />
      <frame name="$(weapon)-d$(direction)-walk00" />
      <delay time="150" />
      <goto target="walk_loop" />
    </on>
    <on new="stand" parameter="state" >
      <goto target="main_loop" />
    </on>
    <on new="fly" parameter="state" >
      <goto target="main_loop" />
    </on>
    <label name="main_loop" />
    <frame name="$(weapon)-d$(direction)" />
    <delay time="10000" />
    <goto target="main_loop" />
  </script>
</animation>
